// Vitest Snapshot v1, https://vitest.dev/guide/snapshot.html

exports[`App > matches snapshot after diagnostics load 1`] = `
<DocumentFragment>
  <div
    class="flex flex-col gap-1 h-screen"
  >
    <div>
      <nav
        aria-label="Main"
        class="group/navigation-menu relative flex max-w-max flex-1 items-center justify-center"
        data-orientation="horizontal"
        data-slot="navigation-menu"
        data-viewport="true"
        dir="ltr"
      >
        <div
          style="position: relative;"
        >
          <ul
            class="group flex flex-1 list-none items-center justify-center gap-1"
            data-orientation="horizontal"
            data-slot="navigation-menu-list"
            dir="ltr"
          >
            <li
              class="relative"
              data-slot="navigation-menu-item"
            >
              <button
                aria-controls="radix-«r0»-content-radix-«r1»"
                aria-expanded="false"
                class="group inline-flex h-9 w-max items-center justify-center rounded-md bg-background px-4 py-2 text-sm font-medium hover:bg-accent hover:text-accent-foreground focus:bg-accent focus:text-accent-foreground disabled:pointer-events-none disabled:opacity-50 data-[state=open]:hover:bg-accent data-[state=open]:text-accent-foreground data-[state=open]:focus:bg-accent data-[state=open]:bg-accent/50 focus-visible:ring-ring/50 outline-none transition-[color,box-shadow] focus-visible:ring-[3px] focus-visible:outline-1 group"
                data-radix-collection-item=""
                data-slot="navigation-menu-trigger"
                data-state="closed"
                id="radix-«r0»-trigger-radix-«r1»"
              >
                Public Cloud 
                <svg
                  aria-hidden="true"
                  class="lucide lucide-chevron-down relative top-[1px] ml-1 size-3 transition duration-300 group-data-[state=open]:rotate-180"
                  fill="none"
                  height="24"
                  stroke="currentColor"
                  stroke-linecap="round"
                  stroke-linejoin="round"
                  stroke-width="2"
                  viewBox="0 0 24 24"
                  width="24"
                  xmlns="http://www.w3.org/2000/svg"
                >
                  <path
                    d="m6 9 6 6 6-6"
                  />
                </svg>
              </button>
            </li>
            <li
              class="relative"
              data-slot="navigation-menu-item"
            >
              <a
                class="data-[active=true]:focus:bg-accent data-[active=true]:hover:bg-accent data-[active=true]:bg-accent/50 data-[active=true]:text-accent-foreground focus:bg-accent focus:text-accent-foreground focus-visible:ring-ring/50 [&_svg:not([class*='text-'])]:text-muted-foreground flex flex-col gap-1 transition-all outline-none focus-visible:ring-[3px] focus-visible:outline-1 [&_svg:not([class*='size-'])]:size-4 rounded-sm p-2 text-sm hover:bg-accent hover:text-accent-foreground cursor-pointer"
                data-radix-collection-item=""
                data-slot="navigation-menu-link"
              >
                websites
              </a>
            </li>
          </ul>
        </div>
        <div
          class="absolute top-full left-0 isolate z-50 flex justify-center"
        />
      </nav>
    </div>
    <div
      class="flex flex-col gap-2"
      data-orientation="horizontal"
      data-slot="tabs"
      dir="ltr"
    >
      <div
        aria-orientation="horizontal"
        class="bg-muted text-muted-foreground inline-flex h-9 w-fit items-center justify-center rounded-lg p-[3px]"
        data-orientation="horizontal"
        data-slot="tabs-list"
        role="tablist"
        style="outline: none;"
        tabindex="0"
      >
        <button
          aria-controls="extensions-tab"
          aria-selected="true"
          class="data-[state=active]:bg-background dark:data-[state=active]:text-foreground focus-visible:border-ring focus-visible:ring-ring/50 focus-visible:outline-ring dark:data-[state=active]:border-input dark:data-[state=active]:bg-input/30 text-foreground dark:text-muted-foreground inline-flex h-[calc(100%-1px)] flex-1 items-center justify-center gap-1.5 rounded-md border border-transparent px-2 py-1 text-sm font-medium whitespace-nowrap transition-[color,box-shadow] focus-visible:ring-[3px] focus-visible:outline-1 disabled:pointer-events-none disabled:opacity-50 data-[state=active]:shadow-sm [&_svg]:pointer-events-none [&_svg]:shrink-0 [&_svg:not([class*='size-'])]:size-4"
          data-orientation="horizontal"
          data-radix-collection-item=""
          data-slot="tabs-trigger"
          data-state="active"
          id="radix-«r3»-trigger-extensions"
          role="tab"
          tabindex="-1"
          type="button"
        >
          Extensions
        </button>
        <button
          aria-controls="build-tab"
          aria-selected="false"
          class="data-[state=active]:bg-background dark:data-[state=active]:text-foreground focus-visible:border-ring focus-visible:ring-ring/50 focus-visible:outline-ring dark:data-[state=active]:border-input dark:data-[state=active]:bg-input/30 text-foreground dark:text-muted-foreground inline-flex h-[calc(100%-1px)] flex-1 items-center justify-center gap-1.5 rounded-md border border-transparent px-2 py-1 text-sm font-medium whitespace-nowrap transition-[color,box-shadow] focus-visible:ring-[3px] focus-visible:outline-1 disabled:pointer-events-none disabled:opacity-50 data-[state=active]:shadow-sm [&_svg]:pointer-events-none [&_svg]:shrink-0 [&_svg:not([class*='size-'])]:size-4"
          data-orientation="horizontal"
          data-radix-collection-item=""
          data-slot="tabs-trigger"
          data-state="inactive"
          id="radix-«r3»-trigger-build"
          role="tab"
          tabindex="-1"
          type="button"
        >
          Build Information
        </button>
        <button
          aria-controls="server-tab"
          aria-selected="false"
          class="data-[state=active]:bg-background dark:data-[state=active]:text-foreground focus-visible:border-ring focus-visible:ring-ring/50 focus-visible:outline-ring dark:data-[state=active]:border-input dark:data-[state=active]:bg-input/30 text-foreground dark:text-muted-foreground inline-flex h-[calc(100%-1px)] flex-1 items-center justify-center gap-1.5 rounded-md border border-transparent px-2 py-1 text-sm font-medium whitespace-nowrap transition-[color,box-shadow] focus-visible:ring-[3px] focus-visible:outline-1 disabled:pointer-events-none disabled:opacity-50 data-[state=active]:shadow-sm [&_svg]:pointer-events-none [&_svg]:shrink-0 [&_svg:not([class*='size-'])]:size-4"
          data-orientation="horizontal"
          data-radix-collection-item=""
          data-slot="tabs-trigger"
          data-state="inactive"
          id="radix-«r3»-trigger-server"
          role="tab"
          tabindex="-1"
          type="button"
        >
          Server Information
        </button>
      </div>
    </div>
    <div
      class="box-border flex-1 overflow-y-auto"
      id="extensions-tab"
    >
      <div
        class="flex flex-row gap-4 h-full"
      >
        <nav
          aria-label="Extensions"
          class="flex flex-col gap-2 max-h-max overflow-y-auto p-2"
        >
          <button
            class="extension-nav-button w-full min-h-[max-content] box-border cursor-pointer text-left px-2 py-1 rounded hover:bg-accent"
            tabindex="0"
            type="button"
          >
            foo
          </button>
        </nav>
      </div>
    </div>
  </div>
</DocumentFragment>
`;
